src/components/Main/Index.vue(568,46): error TS2307: Cannot find module '../../../bindings/coderelay/services/providerservice' or its corresponding type declarations.
src/components/Main/Index.vue(569,51): error TS2307: Cannot find module '../../../bindings/coderelay/services/commonconfigservice' or its corresponding type declarations.
src/services/claudeSettings.ts(2,40): error TS2307: Cannot find module '../../bindings/coderelay/services/models' or its corresponding type declarations.
src/services/version.ts(1,32): error TS2307: Cannot find module '../../bindings/coderelay/versionservice' or its corresponding type declarations.
