go : # coderelay/ser
vices
所在位置 行:1 字符: 1
+ go build ./... 2>&
1 > build_errors.txt
; Get-Content build_
errors.txt
+ ~~~~~~~~~~~~~~~~~~
~~~~~~~~~~~~~~~~~~~~
    + CategoryInfo  
            : NotSpe
ci    fied: (# coder
ela    y/services:St
ring    ) [], Remote
Excep    tion
    + FullyQualified
E    rrorId : Native
Co    mmandError
 
services\updateservi
ce.go:208:26: undefi
ned: syscall.CREATE_
NEW_CONSOLE
